
> caretaker@1.0.0 start
> expo start --port 8081 --localhost

Starting project at C:\Users\bhumi\Desktop\Caretaker
Using src/app as the root directory for Expo Router.
React Compiler enabled
Starting Metro Bundler
Waiting on http://localhost:8081
Logs for your project will appear below.
Web node_modules\expo-router\entry.js ░░░░░░░░░░░░░░░░  0.0% (0/1)
Web node_modules\expo-router\entry.js ▓▓▓▓▓▓▓▓▓▓▓▓▓▓░░ 89.3% (685/725)
λ node_modules\expo-router\node\render.js ▓▓▓▓▓▓▓▓▓▓▓▓▓▓▓░ 99.7% (771/772)
Web node_modules\expo-router\entry.js ▓▓▓▓▓▓▓▓▓▓▓▓▓▓░░ 89.3% (685/725)
λ node_modules\expo-router\node\render.js ▓▓▓▓▓▓▓▓▓▓▓▓▓▓▓░ 99.9% (772/772)
λ Bundled 9603ms node_modules\expo-router\node\render.js (894 modules)
Web node_modules\expo-router\entry.js ▓▓▓▓▓▓▓▓▓▓▓▓▓▓▓░ 99.9% (874/880)
Web Bundled 14053ms node_modules\expo-router\entry.js (883 modules)
Web node_modules\expo-router\entry.js ░░░░░░░░░░░░░░░░  0.0% (0/1)
Web Bundled 1113ms node_modules\expo-router\entry.js (883 modules)
 LOG  [web] Logs will appear in the browser console
λ Bundled 17ms node_modules\expo-router\node\render.js (1 module)
Web Bundled 317ms node_modules\expo-router\entry.js (1 module)
