
> warden@1.0.0 start
> expo start --port 8094 --localhost

Starting project at C:\Users\bhumi\Desktop\ERP_GatePass\frontend\Warden
Using src/app as the root directory for Expo Router.
React Compiler enabled
Starting Metro Bundler
Waiting on http://localhost:8094
Logs for your project will appear below.
Web node_modules\expo-router\entry.js ░░░░░░░░░░░░░░░░  0.0% (0/1)
Web node_modules\expo-router\entry.js ▓▓░░░░░░░░░░░░░░ 16.0% (18/49)
λ node_modules\expo-router\node\render.js ▓░░░░░░░░░░░░░░░ 10.5% ( 74/228)
Web node_modules\expo-router\entry.js ▓▓░░░░░░░░░░░░░░ 16.0% (102/261)
λ node_modules\expo-router\node\render.js ▓▓▓▓▓░░░░░░░░░░░ 35.8% (259/433)
Web node_modules\expo-router\entry.js ▓▓▓▓▓▓▓▓▓▓▓░░░░░ 70.6% (489/582)
λ node_modules\expo-router\node\render.js ▓▓▓▓▓▓▓▓▓▓▓▓▓░░░ 87.4% (620/663)
λ Bundled 14204ms node_modules\expo-router\node\render.js (899 modules)
Web node_modules\expo-router\entry.js ▓▓▓▓▓▓▓▓▓▓▓▓▓▓▓░ 98.9% (870/875)
λ node_modules\expo-router\node\render.js ▓▓▓▓▓▓▓▓▓▓▓▓▓▓▓░ 99.9% (899/899)
Web Bundled 16675ms node_modules\expo-router\entry.js (888 modules)
Web Bundled 711ms node_modules\expo-router\entry.js (886 modules)
 LOG  [web] Logs will appear in the browser console
λ Bundled 28ms node_modules\expo-router\node\render.js (1 module)
Web node_modules\expo-router\entry.js ░░░░░░░░░░░░░░░░  0.0% (0/1)
Web Bundled 725ms node_modules\expo-router\entry.js (1 module)
